2026-08-31T20:30:12.598+0800 [DEBUG] [org.gradle.launcher.daemon.bootstrap.DaemonMain] Assuming the daemon was started with following jvm opts: [-XX:MaxMetaspaceSize=384m, -XX:+HeapDumpOnOutOfMemoryError, -Xms256m, -Xmx512m, -Dfile.encoding=UTF-8, -Duser.country=US, -Duser.language=en, -Duser.variant]
2026-08-31T20:30:12.684+0800 [DEBUG] [org.gradle.internal.remote.internal.inet.InetAddresses] Adding IP addresses for network interface Fortinet Virtual Ethernet Adapter (NDIS 6.30)-WFP Native MAC Layer LightWeight Filter-0000
2026-08-31T20:30:12.684+0800 [DEBUG] [org.gradle.internal.remote.internal.inet.InetAddresses] Is this a loopback interface? false
2026-08-31T20:30:12.689+0800 [DEBUG] [org.gradle.internal.remote.internal.inet.InetAddresses] Adding IP addresses for network interface Fortinet Virtual Ethernet Adapter (NDIS 6.30)-Fortinet NDIS 6.0 LightWeight Filter-0000
2026-08-31T20:30:12.690+0800 [DEBUG] [org.gradle.internal.remote.internal.inet.InetAddresses] Is this a loopback interface? false
2026-08-31T20:30:12.690+0800 [DEBUG] [org.gradle.internal.remote.internal.inet.InetAddresses] Adding IP addresses for network interface Fortinet Virtual Ethernet Adapter (NDIS 6.30)-QoS Packet Scheduler-0000
2026-08-31T20:30:12.690+0800 [DEBUG] [org.gradle.internal.remote.internal.inet.InetAddresses] Is this a loopback interface? false
2026-08-31T20:30:12.690+0800 [DEBUG] [org.gradle.internal.remote.internal.inet.InetAddresses] Adding IP addresses for network interface Fortinet Virtual Ethernet Adapter (NDIS 6.30)-WFP 802.3 MAC Layer LightWeight Filter-0000
2026-08-31T20:30:12.690+0800 [DEBUG] [org.gradle.internal.remote.internal.inet.InetAddresses] Is this a loopback interface? false
2026-08-31T20:30:12.691+0800 [DEBUG] [org.gradle.internal.remote.internal.inet.InetAddresses] Adding IP addresses for network interface Intel(R) Ethernet Connection (16) I219-V-WFP Native MAC Layer LightWeight Filter-0000
2026-08-31T20:30:12.691+0800 [DEBUG] [org.gradle.internal.remote.internal.inet.InetAddresses] Is this a loopback interface? false
2026-08-31T20:30:12.691+0800 [DEBUG] [org.gradle.internal.remote.internal.inet.InetAddresses] Adding IP addresses for network interface Intel(R) Ethernet Connection (16) I219-V-Fortinet NDIS 6.0 LightWeight Filter-0000
2026-08-31T20:30:12.691+0800 [DEBUG] [org.gradle.internal.remote.internal.inet.InetAddresses] Is this a loopback interface? false
2026-08-31T20:30:12.692+0800 [DEBUG] [org.gradle.internal.remote.internal.inet.InetAddresses] Adding IP addresses for network interface Intel(R) Ethernet Connection (16) I219-V-QoS Packet Scheduler-0000
2026-08-31T20:30:12.692+0800 [DEBUG] [org.gradle.internal.remote.internal.inet.InetAddresses] Is this a loopback interface? false
2026-08-31T20:30:12.692+0800 [DEBUG] [org.gradle.internal.remote.internal.inet.InetAddresses] Adding IP addresses for network interface Intel(R) Ethernet Connection (16) I219-V-WFP 802.3 MAC Layer LightWeight Filter-0000
2026-08-31T20:30:12.692+0800 [DEBUG] [org.gradle.internal.remote.internal.inet.InetAddresses] Is this a loopback interface? false
2026-08-31T20:30:12.693+0800 [DEBUG] [org.gradle.internal.remote.internal.inet.InetAddresses] Adding IP addresses for network interface WAN Miniport (IP)-WFP Native MAC Layer LightWeight Filter-0000
2026-08-31T20:30:12.693+0800 [DEBUG] [org.gradle.internal.remote.internal.inet.InetAddresses] Is this a loopback interface? false
2026-08-31T20:30:12.693+0800 [DEBUG] [org.gradle.internal.remote.internal.inet.InetAddresses] Adding IP addresses for network interface WAN Miniport (IP)-Fortinet NDIS 6.0 LightWeight Filter-0000
2026-08-31T20:30:12.693+0800 [DEBUG] [org.gradle.internal.remote.internal.inet.InetAddresses] Is this a loopback interface? false
2026-08-31T20:30:12.693+0800 [DEBUG] [org.gradle.internal.remote.internal.inet.InetAddresses] Adding IP addresses for network interface WAN Miniport (IP)-QoS Packet Scheduler-0000
2026-08-31T20:30:12.694+0800 [DEBUG] [org.gradle.internal.remote.internal.inet.InetAddresses] Is this a loopback interface? false
2026-08-31T20:30:12.694+0800 [DEBUG] [org.gradle.internal.remote.internal.inet.InetAddresses] Adding IP addresses for network interface WAN Miniport (IPv6)-WFP Native MAC Layer LightWeight Filter-0000
2026-08-31T20:30:12.694+0800 [DEBUG] [org.gradle.internal.remote.internal.inet.InetAddresses] Is this a loopback interface? false
2026-08-31T20:30:12.694+0800 [DEBUG] [org.gradle.internal.remote.internal.inet.InetAddresses] Adding IP addresses for network interface WAN Miniport (IPv6)-Fortinet NDIS 6.0 LightWeight Filter-0000
2026-08-31T20:30:12.694+0800 [DEBUG] [org.gradle.internal.remote.internal.inet.InetAddresses] Is this a loopback interface? false
2026-08-31T20:30:12.695+0800 [DEBUG] [org.gradle.internal.remote.internal.inet.InetAddresses] Adding IP addresses for network interface WAN Miniport (IPv6)-QoS Packet Scheduler-0000
2026-08-31T20:30:12.695+0800 [DEBUG] [org.gradle.internal.remote.internal.inet.InetAddresses] Is this a loopback interface? false
2026-08-31T20:30:12.695+0800 [DEBUG] [org.gradle.internal.remote.internal.inet.InetAddresses] Adding IP addresses for network interface WAN Miniport (Network Monitor)-WFP Native MAC Layer LightWeight Filter-0000
2026-08-31T20:30:12.695+0800 [DEBUG] [org.gradle.internal.remote.internal.inet.InetAddresses] Is this a loopback interface? false
2026-08-31T20:30:12.695+0800 [DEBUG] [org.gradle.internal.remote.internal.inet.InetAddresses] Adding IP addresses for network interface WAN Miniport (Network Monitor)-Fortinet NDIS 6.0 LightWeight Filter-0000
2026-08-31T20:30:12.696+0800 [DEBUG] [org.gradle.internal.remote.internal.inet.InetAddresses] Is this a loopback interface? false
2026-08-31T20:30:12.696+0800 [DEBUG] [org.gradle.internal.remote.internal.inet.InetAddresses] Adding IP addresses for network interface WAN Miniport (Network Monitor)-QoS Packet Scheduler-0000
2026-08-31T20:30:12.696+0800 [DEBUG] [org.gradle.internal.remote.internal.inet.InetAddresses] Is this a loopback interface? false
2026-08-31T20:30:12.696+0800 [DEBUG] [org.gradle.internal.remote.internal.inet.InetAddresses] Adding IP addresses for network interface Hyper-V Virtual Switch Extension Adapter-Hyper-V Virtual Switch Extension Filter-0000
2026-08-31T20:30:12.697+0800 [DEBUG] [org.gradle.internal.remote.internal.inet.InetAddresses] Is this a loopback interface? false
2026-08-31T20:30:12.697+0800 [DEBUG] [org.gradle.internal.remote.internal.inet.InetAddresses] Adding IP addresses for network interface Hyper-V Virtual Switch Extension Adapter-Virtual Filtering Platform VMSwitch Extension-0000
2026-08-31T20:30:12.697+0800 [DEBUG] [org.gradle.internal.remote.internal.inet.InetAddresses] Is this a loopback interface? false
2026-08-31T20:30:12.697+0800 [DEBUG] [org.gradle.internal.remote.internal.inet.InetAddresses] Adding IP addresses for network interface Hyper-V Virtual Ethernet Adapter-WFP Native MAC Layer LightWeight Filter-0000
2026-08-31T20:30:12.697+0800 [DEBUG] [org.gradle.internal.remote.internal.inet.InetAddresses] Is this a loopback interface? false
2026-08-31T20:30:12.697+0800 [DEBUG] [org.gradle.internal.remote.internal.inet.InetAddresses] Adding IP addresses for network interface Hyper-V Virtual Ethernet Adapter-QoS Packet Scheduler-0000
2026-08-31T20:30:12.698+0800 [DEBUG] [org.gradle.internal.remote.internal.inet.InetAddresses] Is this a loopback interface? false
2026-08-31T20:30:12.698+0800 [DEBUG] [org.gradle.internal.remote.internal.inet.InetAddresses] Adding IP addresses for network interface Hyper-V Virtual Ethernet Adapter-WFP 802.3 MAC Layer LightWeight Filter-0000
2026-08-31T20:30:12.698+0800 [DEBUG] [org.gradle.internal.remote.internal.inet.InetAddresses] Is this a loopback interface? false
2026-08-31T20:30:12.698+0800 [DEBUG] [org.gradle.internal.remote.internal.inet.InetAddresses] Adding IP addresses for network interface Intel(R) Ethernet Connection (16) I219-V
2026-08-31T20:30:12.698+0800 [DEBUG] [org.gradle.internal.remote.internal.inet.InetAddresses] Is this a loopback interface? false
2026-08-31T20:30:12.699+0800 [DEBUG] [org.gradle.internal.remote.internal.inet.InetAddresses] Adding remote address /fe80:0:0:0:e9e6:5323:c50a:7163%ethernet_32768
2026-08-31T20:30:12.699+0800 [DEBUG] [org.gradle.internal.remote.internal.inet.InetAddresses] Adding IP addresses for network interface Microsoft Kernel Debug Network Adapter
2026-08-31T20:30:12.699+0800 [DEBUG] [org.gradle.internal.remote.internal.inet.InetAddresses] Is this a loopback interface? false
2026-08-31T20:30:12.700+0800 [DEBUG] [org.gradle.internal.remote.internal.inet.InetAddresses] Adding IP addresses for network interface Bluetooth Device (Personal Area Network)
2026-08-31T20:30:12.700+0800 [DEBUG] [org.gradle.internal.remote.internal.inet.InetAddresses] Is this a loopback interface? false
2026-08-31T20:30:12.700+0800 [DEBUG] [org.gradle.internal.remote.internal.inet.InetAddresses] Adding IP addresses for network interface Fortinet Virtual Ethernet Adapter (NDIS 6.30)
2026-08-31T20:30:12.700+0800 [DEBUG] [org.gradle.internal.remote.internal.inet.InetAddresses] Is this a loopback interface? false
2026-08-31T20:30:12.701+0800 [DEBUG] [org.gradle.internal.remote.internal.inet.InetAddresses] Adding remote address /fe80:0:0:0:64d6:9ebb:407:1c2%ethernet_32771
2026-08-31T20:30:12.701+0800 [DEBUG] [org.gradle.internal.remote.internal.inet.InetAddresses] Adding IP addresses for network interface Fortinet SSL VPN Virtual Ethernet Adapter
2026-08-31T20:30:12.701+0800 [DEBUG] [org.gradle.internal.remote.internal.inet.InetAddresses] Is this a loopback interface? false
2026-08-31T20:30:12.701+0800 [DEBUG] [org.gradle.internal.remote.internal.inet.InetAddresses] Adding IP addresses for network interface WAN Miniport (IP)
2026-08-31T20:30:12.701+0800 [DEBUG] [org.gradle.internal.remote.internal.inet.InetAddresses] Is this a loopback interface? false
2026-08-31T20:30:12.701+0800 [DEBUG] [org.gradle.internal.remote.internal.inet.InetAddresses] Adding IP addresses for network interface WAN Miniport (IPv6)
2026-08-31T20:30:12.702+0800 [DEBUG] [org.gradle.internal.remote.internal.inet.InetAddresses] Is this a loopback interface? false
2026-08-31T20:30:12.702+0800 [DEBUG] [org.gradle.internal.remote.internal.inet.InetAddresses] Adding IP addresses for network interface WAN Miniport (Network Monitor)
2026-08-31T20:30:12.702+0800 [DEBUG] [org.gradle.internal.remote.internal.inet.InetAddresses] Is this a loopback interface? false
2026-08-31T20:30:12.702+0800 [DEBUG] [org.gradle.internal.remote.internal.inet.InetAddresses] Adding IP addresses for network interface Cisco AnyConnect Virtual Miniport Adapter for Windows x64
2026-08-31T20:30:12.703+0800 [DEBUG] [org.gradle.internal.remote.internal.inet.InetAddresses] Is this a loopback interface? false
2026-08-31T20:30:12.703+0800 [DEBUG] [org.gradle.internal.remote.internal.inet.InetAddresses] Adding IP addresses for network interface Hyper-V Virtual Switch Extension Adapter
2026-08-31T20:30:12.703+0800 [DEBUG] [org.gradle.internal.remote.internal.inet.InetAddresses] Is this a loopback interface? false
2026-08-31T20:30:12.703+0800 [DEBUG] [org.gradle.internal.remote.internal.inet.InetAddresses] Adding IP addresses for network interface Hyper-V Virtual Ethernet Adapter
2026-08-31T20:30:12.703+0800 [DEBUG] [org.gradle.internal.remote.internal.inet.InetAddresses] Is this a loopback interface? false
2026-08-31T20:30:12.703+0800 [DEBUG] [org.gradle.internal.remote.internal.inet.InetAddresses] Adding remote address /fe80:0:0:0:b422:58ea:1b3d:4615%ethernet_32778
2026-08-31T20:30:12.704+0800 [DEBUG] [org.gradle.internal.remote.internal.inet.InetAddresses] Adding remote address /172.29.160.1
2026-08-31T20:30:12.704+0800 [DEBUG] [org.gradle.internal.remote.internal.inet.InetAddresses] Adding IP addresses for network interface WAN Miniport (PPPOE)
2026-08-31T20:30:12.704+0800 [DEBUG] [org.gradle.internal.remote.internal.inet.InetAddresses] Is this a loopback interface? false
2026-08-31T20:30:12.704+0800 [DEBUG] [org.gradle.internal.remote.internal.inet.InetAddresses] Adding IP addresses for network interface Software Loopback Interface 1
2026-08-31T20:30:12.704+0800 [DEBUG] [org.gradle.internal.remote.internal.inet.InetAddresses] Is this a loopback interface? true
2026-08-31T20:30:12.704+0800 [DEBUG] [org.gradle.internal.remote.internal.inet.InetAddresses] Adding loopback address /0:0:0:0:0:0:0:1
2026-08-31T20:30:12.704+0800 [DEBUG] [org.gradle.internal.remote.internal.inet.InetAddresses] Adding loopback address /127.0.0.1
2026-08-31T20:30:12.704+0800 [DEBUG] [org.gradle.internal.remote.internal.inet.InetAddresses] Adding IP addresses for network interface Realtek 8852BE Wireless LAN WiFi 6 PCI-E NIC-WFP Native MAC Layer LightWeight Filter-0000
2026-08-31T20:30:12.704+0800 [DEBUG] [org.gradle.internal.remote.internal.inet.InetAddresses] Is this a loopback interface? false
2026-08-31T20:30:12.705+0800 [DEBUG] [org.gradle.internal.remote.internal.inet.InetAddresses] Adding IP addresses for network interface Realtek 8852BE Wireless LAN WiFi 6 PCI-E NIC-Virtual WiFi Filter Driver-0000
2026-08-31T20:30:12.705+0800 [DEBUG] [org.gradle.internal.remote.internal.inet.InetAddresses] Is this a loopback interface? false
2026-08-31T20:30:12.705+0800 [DEBUG] [org.gradle.internal.remote.internal.inet.InetAddresses] Adding IP addresses for network interface Realtek 8852BE Wireless LAN WiFi 6 PCI-E NIC-Native WiFi Filter Driver-0000
2026-08-31T20:30:12.705+0800 [DEBUG] [org.gradle.internal.remote.internal.inet.InetAddresses] Is this a loopback interface? false
2026-08-31T20:30:12.705+0800 [DEBUG] [org.gradle.internal.remote.internal.inet.InetAddresses] Adding IP addresses for network interface Realtek 8852BE Wireless LAN WiFi 6 PCI-E NIC-Fortinet NDIS 6.0 LightWeight Filter-0000
2026-08-31T20:30:12.705+0800 [DEBUG] [org.gradle.internal.remote.internal.inet.InetAddresses] Is this a loopback interface? false
2026-08-31T20:30:12.705+0800 [DEBUG] [org.gradle.internal.remote.internal.inet.InetAddresses] Adding IP addresses for network interface Realtek 8852BE Wireless LAN WiFi 6 PCI-E NIC-QoS Packet Scheduler-0000
2026-08-31T20:30:12.705+0800 [DEBUG] [org.gradle.internal.remote.internal.inet.InetAddresses] Is this a loopback interface? false
2026-08-31T20:30:12.705+0800 [DEBUG] [org.gradle.internal.remote.internal.inet.InetAddresses] Adding IP addresses for network interface Realtek 8852BE Wireless LAN WiFi 6 PCI-E NIC-WFP 802.3 MAC Layer LightWeight Filter-0000
2026-08-31T20:30:12.705+0800 [DEBUG] [org.gradle.internal.remote.internal.inet.InetAddresses] Is this a loopback interface? false
2026-08-31T20:30:12.706+0800 [DEBUG] [org.gradle.internal.remote.internal.inet.InetAddresses] Adding IP addresses for network interface Microsoft Wi-Fi Direct Virtual Adapter-WFP Native MAC Layer LightWeight Filter-0000
2026-08-31T20:30:12.706+0800 [DEBUG] [org.gradle.internal.remote.internal.inet.InetAddresses] Is this a loopback interface? false
2026-08-31T20:30:12.706+0800 [DEBUG] [org.gradle.internal.remote.internal.inet.InetAddresses] Adding IP addresses for network interface Microsoft Wi-Fi Direct Virtual Adapter-Native WiFi Filter Driver-0000
2026-08-31T20:30:12.706+0800 [DEBUG] [org.gradle.internal.remote.internal.inet.InetAddresses] Is this a loopback interface? false
2026-08-31T20:30:12.706+0800 [DEBUG] [org.gradle.internal.remote.internal.inet.InetAddresses] Adding IP addresses for network interface Microsoft Wi-Fi Direct Virtual Adapter-Fortinet NDIS 6.0 LightWeight Filter-0000
2026-08-31T20:30:12.706+0800 [DEBUG] [org.gradle.internal.remote.internal.inet.InetAddresses] Is this a loopback interface? false
2026-08-31T20:30:12.706+0800 [DEBUG] [org.gradle.internal.remote.internal.inet.InetAddresses] Adding IP addresses for network interface Microsoft Wi-Fi Direct Virtual Adapter-QoS Packet Scheduler-0000
2026-08-31T20:30:12.707+0800 [DEBUG] [org.gradle.internal.remote.internal.inet.InetAddresses] Is this a loopback interface? false
2026-08-31T20:30:12.707+0800 [DEBUG] [org.gradle.internal.remote.internal.inet.InetAddresses] Adding IP addresses for network interface Microsoft Wi-Fi Direct Virtual Adapter-WFP 802.3 MAC Layer LightWeight Filter-0000
2026-08-31T20:30:12.707+0800 [DEBUG] [org.gradle.internal.remote.internal.inet.InetAddresses] Is this a loopback interface? false
2026-08-31T20:30:12.707+0800 [DEBUG] [org.gradle.internal.remote.internal.inet.InetAddresses] Adding IP addresses for network interface Microsoft Wi-Fi Direct Virtual Adapter #2-WFP Native MAC Layer LightWeight Filter-0000
2026-08-31T20:30:12.707+0800 [DEBUG] [org.gradle.internal.remote.internal.inet.InetAddresses] Is this a loopback interface? false
2026-08-31T20:30:12.707+0800 [DEBUG] [org.gradle.internal.remote.internal.inet.InetAddresses] Adding IP addresses for network interface Microsoft Wi-Fi Direct Virtual Adapter #2-Native WiFi Filter Driver-0000
2026-08-31T20:30:12.707+0800 [DEBUG] [org.gradle.internal.remote.internal.inet.InetAddresses] Is this a loopback interface? false
2026-08-31T20:30:12.708+0800 [DEBUG] [org.gradle.internal.remote.internal.inet.InetAddresses] Adding IP addresses for network interface Microsoft Wi-Fi Direct Virtual Adapter #2-Fortinet NDIS 6.0 LightWeight Filter-0000
2026-08-31T20:30:12.708+0800 [DEBUG] [org.gradle.internal.remote.internal.inet.InetAddresses] Is this a loopback interface? false
2026-08-31T20:30:12.708+0800 [DEBUG] [org.gradle.internal.remote.internal.inet.InetAddresses] Adding IP addresses for network interface Microsoft Wi-Fi Direct Virtual Adapter #2-QoS Packet Scheduler-0000
2026-08-31T20:30:12.708+0800 [DEBUG] [org.gradle.internal.remote.internal.inet.InetAddresses] Is this a loopback interface? false
2026-08-31T20:30:12.708+0800 [DEBUG] [org.gradle.internal.remote.internal.inet.InetAddresses] Adding IP addresses for network interface Microsoft Wi-Fi Direct Virtual Adapter #2-WFP 802.3 MAC Layer LightWeight Filter-0000
2026-08-31T20:30:12.708+0800 [DEBUG] [org.gradle.internal.remote.internal.inet.InetAddresses] Is this a loopback interface? false
2026-08-31T20:30:12.708+0800 [DEBUG] [org.gradle.internal.remote.internal.inet.InetAddresses] Adding IP addresses for network interface Realtek 8852BE Wireless LAN WiFi 6 PCI-E NIC
2026-08-31T20:30:12.708+0800 [DEBUG] [org.gradle.internal.remote.internal.inet.InetAddresses] Is this a loopback interface? false
2026-08-31T20:30:12.708+0800 [DEBUG] [org.gradle.internal.remote.internal.inet.InetAddresses] Adding remote address /fe80:0:0:0:18d5:422e:c66f:833a%wireless_32768
2026-08-31T20:30:12.709+0800 [DEBUG] [org.gradle.internal.remote.internal.inet.InetAddresses] Adding remote address /192.168.1.159
2026-08-31T20:30:12.709+0800 [DEBUG] [org.gradle.internal.remote.internal.inet.InetAddresses] Adding IP addresses for network interface Microsoft Wi-Fi Direct Virtual Adapter
2026-08-31T20:30:12.709+0800 [DEBUG] [org.gradle.internal.remote.internal.inet.InetAddresses] Is this a loopback interface? false
2026-08-31T20:30:12.709+0800 [DEBUG] [org.gradle.internal.remote.internal.inet.InetAddresses] Adding remote address /fe80:0:0:0:ab17:c9db:55f4:f89e%wireless_32769
2026-08-31T20:30:12.709+0800 [DEBUG] [org.gradle.internal.remote.internal.inet.InetAddresses] Adding IP addresses for network interface Microsoft Wi-Fi Direct Virtual Adapter #2
2026-08-31T20:30:12.709+0800 [DEBUG] [org.gradle.internal.remote.internal.inet.InetAddresses] Is this a loopback interface? false
2026-08-31T20:30:12.709+0800 [DEBUG] [org.gradle.internal.remote.internal.inet.InetAddresses] Adding remote address /fe80:0:0:0:b047:aa33:f6d2:5b63%wireless_32770
2026-08-31T20:30:12.709+0800 [DEBUG] [org.gradle.internal.remote.internal.inet.InetAddresses] Adding IP addresses for network interface Microsoft Teredo Tunneling Adapter
2026-08-31T20:30:12.709+0800 [DEBUG] [org.gradle.internal.remote.internal.inet.InetAddresses] Is this a loopback interface? false
2026-08-31T20:30:12.709+0800 [DEBUG] [org.gradle.internal.remote.internal.inet.InetAddresses] Adding IP addresses for network interface Microsoft IP-HTTPS Platform Adapter
2026-08-31T20:30:12.709+0800 [DEBUG] [org.gradle.internal.remote.internal.inet.InetAddresses] Is this a loopback interface? false
2026-08-31T20:30:12.710+0800 [DEBUG] [org.gradle.internal.remote.internal.inet.InetAddresses] Adding IP addresses for network interface Microsoft 6to4 Adapter
2026-08-31T20:30:12.710+0800 [DEBUG] [org.gradle.internal.remote.internal.inet.InetAddresses] Is this a loopback interface? false
2026-08-31T20:30:12.710+0800 [DEBUG] [org.gradle.internal.remote.internal.inet.InetAddresses] Adding IP addresses for network interface WAN Miniport (SSTP)
2026-08-31T20:30:12.710+0800 [DEBUG] [org.gradle.internal.remote.internal.inet.InetAddresses] Is this a loopback interface? false
2026-08-31T20:30:12.710+0800 [DEBUG] [org.gradle.internal.remote.internal.inet.InetAddresses] Adding IP addresses for network interface WAN Miniport (IKEv2)
2026-08-31T20:30:12.710+0800 [DEBUG] [org.gradle.internal.remote.internal.inet.InetAddresses] Is this a loopback interface? false
2026-08-31T20:30:12.710+0800 [DEBUG] [org.gradle.internal.remote.internal.inet.InetAddresses] Adding IP addresses for network interface WAN Miniport (L2TP)
2026-08-31T20:30:12.710+0800 [DEBUG] [org.gradle.internal.remote.internal.inet.InetAddresses] Is this a loopback interface? false
2026-08-31T20:30:12.710+0800 [DEBUG] [org.gradle.internal.remote.internal.inet.InetAddresses] Adding IP addresses for network interface WAN Miniport (PPTP)
2026-08-31T20:30:12.711+0800 [DEBUG] [org.gradle.internal.remote.internal.inet.InetAddresses] Is this a loopback interface? false
2026-08-31T20:30:12.734+0800 [INFO] [org.gradle.launcher.daemon.server.Daemon] start() called on daemon - DefaultDaemonContext[uid=2707dc68-3a47-4379-b901-cd0e94dea10e,javaHome=C:\Program Files\Java\jdk-25.0.4.1,javaVersion=25,javaVendor=Oracle Corporation,daemonRegistryDir=C:\Users\tanso\ip\.gradle-cache\daemon,pid=21192,idleTimeout=120000,priority=NORMAL,applyInstrumentationAgent=true,nativeServicesMode=ENABLED,daemonOpts=-XX:MaxMetaspaceSize=384m,-XX:+HeapDumpOnOutOfMemoryError,-Xms256m,-Xmx512m,-Dfile.encoding=UTF-8,-Duser.country=US,-Duser.language=en,-Duser.variant]
2026-08-31T20:30:20.751+0800 [DEBUG] [org.gradle.internal.remote.internal.inet.TcpIncomingConnector] Listening on [ff86bf09-a0e9-43dc-87f3-d83bdadd9657 port:64565, addresses:[localhost/127.0.0.1]].
2026-08-31T20:30:20.761+0800 [DEBUG] [org.gradle.launcher.daemon.server.Daemon] Daemon starting at: Mon Aug 31 20:30:20 GMT+08:00 2026, with address: [ff86bf09-a0e9-43dc-87f3-d83bdadd9657 port:64565, addresses:[localhost/127.0.0.1]]
2026-08-31T20:30:20.761+0800 [INFO] [org.gradle.launcher.daemon.server.DaemonRegistryUpdater] Advertising the daemon address to the clients: [ff86bf09-a0e9-43dc-87f3-d83bdadd9657 port:64565, addresses:[localhost/127.0.0.1]]
2026-08-31T20:30:20.761+0800 [DEBUG] [org.gradle.launcher.daemon.server.DaemonRegistryUpdater] Advertised daemon context: DefaultDaemonContext[uid=2707dc68-3a47-4379-b901-cd0e94dea10e,javaHome=C:\Program Files\Java\jdk-25.0.4.1,javaVersion=25,javaVendor=Oracle Corporation,daemonRegistryDir=C:\Users\tanso\ip\.gradle-cache\daemon,pid=21192,idleTimeout=120000,priority=NORMAL,applyInstrumentationAgent=true,nativeServicesMode=ENABLED,daemonOpts=-XX:MaxMetaspaceSize=384m,-XX:+HeapDumpOnOutOfMemoryError,-Xms256m,-Xmx512m,-Dfile.encoding=UTF-8,-Duser.country=US,-Duser.language=en,-Duser.variant]
2026-08-31T20:30:20.762+0800 [DEBUG] [org.gradle.launcher.daemon.registry.PersistentDaemonRegistry] Storing daemon address: [ff86bf09-a0e9-43dc-87f3-d83bdadd9657 port:64565, addresses:[localhost/127.0.0.1]], context: DefaultDaemonContext[uid=2707dc68-3a47-4379-b901-cd0e94dea10e,javaHome=C:\Program Files\Java\jdk-25.0.4.1,javaVersion=25,javaVendor=Oracle Corporation,daemonRegistryDir=C:\Users\tanso\ip\.gradle-cache\daemon,pid=21192,idleTimeout=120000,priority=NORMAL,applyInstrumentationAgent=true,nativeServicesMode=ENABLED,daemonOpts=-XX:MaxMetaspaceSize=384m,-XX:+HeapDumpOnOutOfMemoryError,-Xms256m,-Xmx512m,-Dfile.encoding=UTF-8,-Duser.country=US,-Duser.language=en,-Duser.variant]
2026-08-31T20:30:20.767+0800 [DEBUG] [org.gradle.cache.internal.DefaultFileLockManager] Waiting to acquire exclusive lock on daemon addresses registry.
2026-08-31T20:30:20.769+0800 [DEBUG] [org.gradle.cache.internal.DefaultFileLockManager] Lock acquired on daemon addresses registry.
2026-08-31T20:30:20.771+0800 [DEBUG] [org.gradle.cache.internal.DefaultFileLockManager] Releasing lock on daemon addresses registry.
2026-08-31T20:30:20.771+0800 [LIFECYCLE] [org.gradle.launcher.daemon.server.Daemon] Daemon server started.
2026-08-31T20:30:20.772+0800 [DEBUG] [org.gradle.launcher.daemon.bootstrap.DaemonStartupCommunication] Completed writing the daemon greeting. Closing streams...
2026-08-31T20:30:20.778+0800 [DEBUG] [org.gradle.launcher.daemon.server.Daemon] stopOnExpiration() called on daemon
2026-08-31T20:30:20.779+0800 [DEBUG] [org.gradle.launcher.daemon.server.Daemon] awaitExpiration() called on daemon
2026-08-31T20:30:20.780+0800 [DEBUG] [org.gradle.launcher.daemon.server.DaemonStateCoordinator] daemon is running. Sleeping until state changes.
2026-08-31T20:30:20.784+0800 [DEBUG] [org.gradle.internal.remote.internal.inet.TcpIncomingConnector] Accepted connection from /127.0.0.1:64566 to /127.0.0.1:64565.
2026-08-31T20:30:20.822+0800 [DEBUG] [org.gradle.launcher.daemon.server.SynchronizedDispatchConnection] thread 81: received class org.gradle.launcher.daemon.protocol.Build
2026-08-31T20:30:20.822+0800 [DEBUG] [org.gradle.launcher.daemon.server.DefaultDaemonConnection] thread 81: Received non-IO message from client: Build{id=0082e3d4-05be-4b87-b9f0-b868f5719110, currentDir=C:\Users\tanso\ip}
2026-08-31T20:30:20.822+0800 [INFO] [org.gradle.launcher.daemon.server.DefaultIncomingConnectionHandler] Received command: Build{id=0082e3d4-05be-4b87-b9f0-b868f5719110, currentDir=C:\Users\tanso\ip}.
2026-08-31T20:30:20.822+0800 [DEBUG] [org.gradle.launcher.daemon.server.DefaultIncomingConnectionHandler] Starting executing command: Build{id=0082e3d4-05be-4b87-b9f0-b868f5719110, currentDir=C:\Users\tanso\ip} with connection: socket connection from /127.0.0.1:64565 to /127.0.0.1:64566.
2026-08-31T20:30:20.824+0800 [DEBUG] [org.gradle.launcher.daemon.server.DaemonStateCoordinator] Command execution: started DaemonCommandExecution[command = Build{id=0082e3d4-05be-4b87-b9f0-b868f5719110, currentDir=C:\Users\tanso\ip}, connection = DefaultDaemonConnection: socket connection from /127.0.0.1:64565 to /127.0.0.1:64566] after 0.0012333333333333332 minutes of idle
2026-08-31T20:30:20.824+0800 [INFO] [org.gradle.launcher.daemon.server.DaemonRegistryUpdater] Marking the daemon as busy, address: [ff86bf09-a0e9-43dc-87f3-d83bdadd9657 port:64565, addresses:[localhost/127.0.0.1]]
2026-08-31T20:30:20.824+0800 [DEBUG] [org.gradle.launcher.daemon.registry.PersistentDaemonRegistry] Marking busy by address: [ff86bf09-a0e9-43dc-87f3-d83bdadd9657 port:64565, addresses:[localhost/127.0.0.1]]
2026-08-31T20:30:20.825+0800 [DEBUG] [org.gradle.cache.internal.DefaultFileLockManager] Waiting to acquire exclusive lock on daemon addresses registry.
2026-08-31T20:30:20.825+0800 [DEBUG] [org.gradle.cache.internal.DefaultFileLockManager] Lock acquired on daemon addresses registry.
2026-08-31T20:30:20.826+0800 [DEBUG] [org.gradle.cache.internal.DefaultFileLockManager] Releasing lock on daemon addresses registry.
2026-08-31T20:30:20.826+0800 [DEBUG] [org.gradle.launcher.daemon.server.DaemonStateCoordinator] resetting idle timer
2026-08-31T20:30:20.826+0800 [DEBUG] [org.gradle.launcher.daemon.server.DaemonStateCoordinator] daemon is running. Sleeping until state changes.
2026-08-31T20:30:20.827+0800 [INFO] [org.gradle.launcher.daemon.server.exec.StartBuildOrRespondWithBusy] Daemon is about to start building Build{id=0082e3d4-05be-4b87-b9f0-b868f5719110, currentDir=C:\Users\tanso\ip}. Dispatching build started information...
2026-08-31T20:30:20.827+0800 [DEBUG] [org.gradle.launcher.daemon.server.SynchronizedDispatchConnection] thread 83: dispatching org.gradle.launcher.daemon.protocol.BuildStarted@66166340
2026-08-31T20:30:20.828+0800 [DEBUG] [org.gradle.launcher.daemon.server.exec.LogToClient] About to start relaying all logs to the client via the connection.
2026-08-31T20:30:20.828+0800 [INFO] [org.gradle.launcher.daemon.server.exec.LogToClient] The client will now receive all logging from the daemon (pid: 21192). The daemon log file: C:\Users\tanso\ip\.gradle-cache\daemon\9.6.1\daemon-21192.out.log
2026-08-31T20:30:20.829+0800 [DEBUG] [org.gradle.launcher.daemon.server.exec.ApplyClientEnvironmentVariables] Configuring env variables: [PATH, USERDOMAIN_ROAMINGPROFILE, PROCESSOR_LEVEL, GIT_PAGER, ALLUSERSPROFILE, CODEX_MCP_NODE_PATH, GIT_CONFIG_COUNT, CODEX_SHELL, PROCESSOR_ARCHITECTURE, PSModulePath, SystemDrive, GH_PAGER, CODEX_APP_TOOLS_PIPE_PATH, COLORTERM, USERNAME, GIT_CONFIG_VALUE_0, GIT_CONFIG_VALUE_1, ProgramFiles(x86), CODEX_INTERNAL_ORIGINATOR_OVERRIDE, CODEX_SANDBOX_NETWORK_DISABLED, PATHEXT, SHELL, DriverData, OneDriveConsumer, PAGER, CODEX_PERMISSION_PROFILE, LOG_FORMAT, ProgramData, ProgramW6432, HOMEPATH, LC_ALL, PROCESSOR_IDENTIFIER, ProgramFiles, PUBLIC, ZSH_TMUX_AUTOSTARTED, LESS, windir, LC_CTYPE, CODEX_SESSION_ID, ZES_ENABLE_SYSMAN, LOCALAPPDATA, USERDOMAIN, LOGONSERVER, PROMPT, RUST_LOG, TERM, LANG, OneDrive, =C:, APPDATA, GRADLE_USER_HOME, CODEX_THREAD_ID, NO_COLOR, CODEX_CI, CommonProgramFiles, GIT_CONFIG_KEY_1, Path, GIT_CONFIG_KEY_0, DISABLE_AUTO_UPDATE, OS, COMPUTERNAME, PROCESSOR_REVISION, CommonProgramW6432, ComSpec, ZSH_TMUX_AUTOSTART, SystemRoot, TEMP, HOMEDRIVE, USERPROFILE, TMP, CommonProgramFiles(x86), NUMBER_OF_PROCESSORS]
2026-08-31T20:30:20.831+0800 [DEBUG] [org.gradle.launcher.daemon.server.exec.RequestStopIfSingleUsedDaemon] Requesting daemon stop after processing Build{id=0082e3d4-05be-4b87-b9f0-b868f5719110, currentDir=C:\Users\tanso\ip}
2026-08-31T20:30:20.832+0800 [LIFECYCLE] [org.gradle.launcher.daemon.server.DaemonStateCoordinator] Daemon will be stopped at the end of the build 
2026-08-31T20:30:20.832+0800 [DEBUG] [org.gradle.launcher.daemon.server.DaemonStateCoordinator] Stop as soon as idle requested. The daemon is busy
2026-08-31T20:30:20.832+0800 [DEBUG] [org.gradle.launcher.daemon.server.DaemonStateCoordinator] daemon stop has been requested. Sleeping until state changes.
2026-08-31T20:30:20.834+0800 [DEBUG] [org.gradle.launcher.daemon.server.exec.ExecuteBuild] The daemon has started executing the build.
2026-08-31T20:30:20.834+0800 [DEBUG] [org.gradle.launcher.daemon.server.exec.ExecuteBuild] Executing build with daemon context: DefaultDaemonContext[uid=2707dc68-3a47-4379-b901-cd0e94dea10e,javaHome=C:\Program Files\Java\jdk-25.0.4.1,javaVersion=25,javaVendor=Oracle Corporation,daemonRegistryDir=C:\Users\tanso\ip\.gradle-cache\daemon,pid=21192,idleTimeout=120000,priority=NORMAL,applyInstrumentationAgent=true,nativeServicesMode=ENABLED,daemonOpts=-XX:MaxMetaspaceSize=384m,-XX:+HeapDumpOnOutOfMemoryError,-Xms256m,-Xmx512m,-Dfile.encoding=UTF-8,-Duser.country=US,-Duser.language=en,-Duser.variant]
C:\Users\tanso\ip\src\test\java\tungtung\ParserTest.java:12: error: cannot find symbol
    private final Parser parser = new Parser();
                  ^
  symbol:   class Parser
  location: class ParserTest
C:\Users\tanso\ip\src\test\java\tungtung\ParserTest.java:44: error: cannot find symbol
    void parseTask_todoCommand_createsTodo() throws TungTungException {
                                                    ^
  symbol:   class TungTungException
  location: class ParserTest
C:\Users\tanso\ip\src\test\java\tungtung\ParserTest.java:51: error: cannot find symbol
    void parseTask_deadlineCommand_createsDeadline() throws TungTungException {
                                                            ^
  symbol:   class TungTungException
  location: class ParserTest
C:\Users\tanso\ip\src\test\java\tungtung\ParserTest.java:58: error: cannot find symbol
    void parseTask_eventCommand_createsEvent() throws TungTungException {
                                                      ^
  symbol:   class TungTungException
  location: class ParserTest
C:\Users\tanso\ip\src\test\java\tungtung\ParserTest.java:65: error: cannot find symbol
    void parseTask_eventCommand_preservesDates() throws TungTungException {
                                                        ^
  symbol:   class TungTungException
  location: class ParserTest
C:\Users\tanso\ip\src\test\java\tungtung\ParserTest.java:12: error: cannot find symbol
    private final Parser parser = new Parser();
                                      ^
  symbol:   class Parser
  location: class ParserTest
C:\Users\tanso\ip\src\test\java\tungtung\ParserTest.java:16: error: package Parser does not exist
        assertEquals(Parser.CommandType.LIST, parser.identify("list"));
                           ^
C:\Users\tanso\ip\src\test\java\tungtung\ParserTest.java:21: error: package Parser does not exist
        assertEquals(Parser.CommandType.MARK, parser.identify("mark"));
                           ^
C:\Users\tanso\ip\src\test\java\tungtung\ParserTest.java:22: error: package Parser does not exist
        assertEquals(Parser.CommandType.MARK, parser.identify("mark 1"));
                           ^
C:\Users\tanso\ip\src\test\java\tungtung\ParserTest.java:27: error: package Parser does not exist
        assertEquals(Parser.CommandType.UNMARK, parser.identify("unmark"));
                           ^
C:\Users\tanso\ip\src\test\java\tungtung\ParserTest.java:28: error: package Parser does not exist
        assertEquals(Parser.CommandType.UNMARK, parser.identify("unmark 1"));
                           ^
C:\Users\tanso\ip\src\test\java\tungtung\ParserTest.java:33: error: package Parser does not exist
        assertEquals(Parser.CommandType.DELETE, parser.identify("delete"));
                           ^
C:\Users\tanso\ip\src\test\java\tungtung\ParserTest.java:34: error: package Parser does not exist
        assertEquals(Parser.CommandType.DELETE, parser.identify("delete 1"));
                           ^
C:\Users\tanso\ip\src\test\java\tungtung\ParserTest.java:39: error: package Parser does not exist
        assertEquals(Parser.CommandType.ADD, parser.identify("todo read book"));
                           ^
C:\Users\tanso\ip\src\test\java\tungtung\ParserTest.java:40: error: package Parser does not exist
        assertEquals(Parser.CommandType.ADD, parser.identify("unknown command"));
                           ^
C:\Users\tanso\ip\src\test\java\tungtung\ParserTest.java:45: error: cannot find symbol
        Task task = parser.parseTask("todo read book");
        ^
  symbol:   class Task
  location: class ParserTest
C:\Users\tanso\ip\src\test\java\tungtung\ParserTest.java:52: error: cannot find symbol
        Task task = parser.parseTask("deadline return book /by 2019-10-15");
        ^
  symbol:   class Task
  location: class ParserTest
C:\Users\tanso\ip\src\test\java\tungtung\ParserTest.java:59: error: cannot find symbol
        Task task = parser.parseTask("event project meeting /from 2019-10-15 /to 2019-10-16");
        ^
  symbol:   class Task
  location: class ParserTest
C:\Users\tanso\ip\src\test\java\tungtung\ParserTest.java:66: error: cannot find symbol
        Event event = (Event) parser.parseTask("event meeting /from 2019-10-15 /to 2019-10-16");
        ^
  symbol:   class Event
  location: class ParserTest
C:\Users\tanso\ip\src\test\java\tungtung\ParserTest.java:66: error: cannot find symbol
        Event event = (Event) parser.parseTask("event meeting /from 2019-10-15 /to 2019-10-16");
                       ^
  symbol:   class Event
  location: class ParserTest
C:\Users\tanso\ip\src\test\java\tungtung\ParserTest.java:74: error: cannot find symbol
        assertThrows(TungTungException.class, () -> parser.parseTask("todo"));
                     ^
  symbol:   class TungTungException
  location: class ParserTest
C:\Users\tanso\ip\src\test\java\tungtung\ParserTest.java:79: error: cannot find symbol
        assertThrows(TungTungException.class, () -> parser.parseTask("deadline"));
                     ^
  symbol:   class TungTungException
  location: class ParserTest
C:\Users\tanso\ip\src\test\java\tungtung\ParserTest.java:80: error: cannot find symbol
        assertThrows(TungTungException.class, () -> parser.parseTask("deadline return book"));
                     ^
  symbol:   class TungTungException
  location: class ParserTest
C:\Users\tanso\ip\src\test\java\tungtung\ParserTest.java:81: error: cannot find symbol
        assertThrows(TungTungException.class, () -> parser.parseTask("deadline return book /by "));
                     ^
  symbol:   class TungTungException
  location: class ParserTest
C:\Users\tanso\ip\src\test\java\tungtung\ParserTest.java:86: error: cannot find symbol
        assertThrows(TungTungException.class,
                     ^
  symbol:   class TungTungException
  location: class ParserTest
C:\Users\tanso\ip\src\test\java\tungtung\ParserTest.java:92: error: cannot find symbol
        assertThrows(TungTungException.class,
                     ^
  symbol:   class TungTungException
  location: class ParserTest
C:\Users\tanso\ip\src\test\java\tungtung\ParserTest.java:98: error: cannot find symbol
        assertThrows(TungTungException.class, () -> parser.parseTask("event project /from Monday"));
                     ^
  symbol:   class TungTungException
  location: class ParserTest
C:\Users\tanso\ip\src\test\java\tungtung\ParserTest.java:99: error: cannot find symbol
        assertThrows(TungTungException.class,
                     ^
  symbol:   class TungTungException
  location: class ParserTest
C:\Users\tanso\ip\src\test\java\tungtung\ParserTest.java:105: error: cannot find symbol
        assertThrows(TungTungException.class, () -> parser.parseTask("todo buy | sell"));
                     ^
  symbol:   class TungTungException
  location: class ParserTest
C:\Users\tanso\ip\src\test\java\tungtung\ParserTest.java:110: error: cannot find symbol
        assertThrows(TungTungException.class, () -> parser.parseTask("blah"));
                     ^
  symbol:   class TungTungException
  location: class ParserTest

FAILURE: Build failed with an exception.

* What went wrong:
Execution failed for task ':compileTestJava' (registered by plugin class 'org.gradle.api.plugins.JavaBasePlugin').
> java.nio.file.AccessDeniedException: C:\Users\tanso\ip\.gradle-cache\caches\modules-2\files-2.1\org.apiguardian\apiguardian-api\1.1.2\a231e0d844d2721b0fa1b238006d15c6ded6842a\apiguardian-api-1.1.2.jar

* Try:
> Run with --stacktrace option to get the stack trace.
> Run with --info or --debug option to get more log output.
> Run with --scan to get full insights from a Build Scan (powered by Develocity).
> Get more help at https://help.gradle.org.

BUILD FAILED in 20s
2 actionable tasks: 1 executed, 1 up-to-date
2026-08-31T20:30:24.151+0800 [DEBUG] [org.gradle.launcher.daemon.server.exec.ExecuteBuild] The daemon has finished executing the build.
2026-08-31T20:30:24.154+0800 [DEBUG] [org.gradle.launcher.daemon.server.DaemonStateCoordinator] daemon stop has been requested. Sleeping until state changes.
2026-08-31T20:30:24.154+0800 [DEBUG] [org.gradle.launcher.daemon.server.DaemonStateCoordinator] Command execution: finished waiting for DaemonCommandExecution[command = Build{id=0082e3d4-05be-4b87-b9f0-b868f5719110, currentDir=C:\Users\tanso\ip}, connection = DefaultDaemonConnection: socket connection from /127.0.0.1:64565 to /127.0.0.1:64566]. Result org.gradle.launcher.daemon.server.DaemonStateCoordinator@1d1e3905 with state StopRequested
2026-08-31T20:30:24.154+0800 [DEBUG] [org.gradle.launcher.daemon.server.DaemonStateCoordinator] Command execution: completed DaemonCommandExecution[command = Build{id=0082e3d4-05be-4b87-b9f0-b868f5719110, currentDir=C:\Users\tanso\ip}, connection = DefaultDaemonConnection: socket connection from /127.0.0.1:64565 to /127.0.0.1:64566]
2026-08-31T20:30:24.154+0800 [DEBUG] [org.gradle.launcher.daemon.server.DaemonStateCoordinator] resetting idle timer
2026-08-31T20:30:24.154+0800 [DEBUG] [org.gradle.launcher.daemon.server.DaemonStateCoordinator] Marking daemon stopped due to command completed and stop requested. The daemon is not running a build
2026-08-31T20:30:24.155+0800 [DEBUG] [org.gradle.launcher.daemon.server.DaemonStateCoordinator] daemon has stopped.
2026-08-31T20:30:24.155+0800 [DEBUG] [org.gradle.launcher.daemon.server.exec.ReturnResult] Daemon is dispatching the build result: Success[value=org.gradle.launcher.exec.BuildActionResult@633e3f98]
2026-08-31T20:30:24.155+0800 [DEBUG] [org.gradle.launcher.daemon.server.SynchronizedDispatchConnection] thread 80: dispatching Success[value=org.gradle.launcher.exec.BuildActionResult@633e3f98]
2026-08-31T20:30:24.155+0800 [DEBUG] [org.gradle.launcher.daemon.server.Daemon] stop() called on daemon
2026-08-31T20:30:24.155+0800 [INFO] [org.gradle.launcher.daemon.server.Daemon] Stop requested. Daemon is removing its presence from the registry...
2026-08-31T20:30:24.156+0800 [DEBUG] [org.gradle.launcher.daemon.server.DaemonRegistryUpdater] Removing our presence to clients, eg. removing this address from the registry: [ff86bf09-a0e9-43dc-87f3-d83bdadd9657 port:64565, addresses:[localhost/127.0.0.1]]
2026-08-31T20:30:24.156+0800 [DEBUG] [org.gradle.launcher.daemon.registry.PersistentDaemonRegistry] Removing daemon address: [ff86bf09-a0e9-43dc-87f3-d83bdadd9657 port:64565, addresses:[localhost/127.0.0.1]]
2026-08-31T20:30:24.157+0800 [DEBUG] [org.gradle.cache.internal.DefaultFileLockManager] Waiting to acquire exclusive lock on daemon addresses registry.
2026-08-31T20:30:24.158+0800 [DEBUG] [org.gradle.cache.internal.DefaultFileLockManager] Lock acquired on daemon addresses registry.
2026-08-31T20:30:24.159+0800 [DEBUG] [org.gradle.cache.internal.DefaultFileLockManager] Releasing lock on daemon addresses registry.
2026-08-31T20:30:24.160+0800 [DEBUG] [org.gradle.launcher.daemon.server.DaemonRegistryUpdater] Address removed from registry.
2026-08-31T20:30:24.161+0800 [DEBUG] [org.gradle.launcher.daemon.server.exec.CleanUpVirtualFileSystemAfterBuild] Cleaning virtual file system after build finished
2026-08-31T20:30:24.161+0800 [DEBUG] [org.gradle.launcher.daemon.server.DefaultIncomingConnectionHandler] Finishing executing command: Build{id=0082e3d4-05be-4b87-b9f0-b868f5719110, currentDir=C:\Users\tanso\ip}
2026-08-31T20:30:24.184+0800 [DEBUG] [org.gradle.launcher.daemon.server.SynchronizedDispatchConnection] thread 81: received class org.gradle.launcher.daemon.protocol.CloseInput
2026-08-31T20:30:24.184+0800 [DEBUG] [org.gradle.launcher.daemon.server.DefaultDaemonConnection] thread 81: Received IO message from client: org.gradle.launcher.daemon.protocol.CloseInput@137bd166
2026-08-31T20:30:24.184+0800 [DEBUG] [org.gradle.launcher.daemon.server.SynchronizedDispatchConnection] thread 81: received class org.gradle.launcher.daemon.protocol.Finished
2026-08-31T20:30:24.185+0800 [DEBUG] [org.gradle.launcher.daemon.server.DefaultDaemonConnection] thread 81: Received non-IO message from client: org.gradle.launcher.daemon.protocol.Finished@2478183d
2026-08-31T20:30:24.185+0800 [DEBUG] [org.gradle.launcher.daemon.server.DefaultIncomingConnectionHandler] Received finished message: org.gradle.launcher.daemon.protocol.Finished@2478183d
2026-08-31T20:30:24.185+0800 [DEBUG] [org.gradle.launcher.daemon.server.SynchronizedDispatchConnection] thread 80: stopping connection
2026-08-31T20:30:24.186+0800 [DEBUG] [org.gradle.internal.remote.internal.inet.SocketConnection] Discarding EOFException: java.io.EOFException
2026-08-31T20:30:24.187+0800 [DEBUG] [org.gradle.launcher.daemon.server.SynchronizedDispatchConnection] thread 81: received null
2026-08-31T20:30:24.187+0800 [DEBUG] [org.gradle.launcher.daemon.server.DefaultDaemonConnection] thread 81: Received end-of-input from client.
2026-08-31T20:30:24.187+0800 [DEBUG] [org.gradle.launcher.daemon.server.SynchronizedDispatchConnection] thread 80: stopping connection
2026-08-31T20:30:24.188+0800 [DEBUG] [org.gradle.cache.internal.LockOnDemandCrossProcessCacheAccess] Releasing file lock for jars (C:\Users\tanso\ip\.gradle-cache\caches\jars-9)
2026-08-31T20:30:24.188+0800 [DEBUG] [org.gradle.cache.internal.DefaultFileLockManager] Releasing lock on jars (C:\Users\tanso\ip\.gradle-cache\caches\jars-9).
2026-08-31T20:30:24.189+0800 [DEBUG] [org.gradle.cache.internal.DefaultCacheCleanupExecutor] jars (C:\Users\tanso\ip\.gradle-cache\caches\jars-9) has last been fully cleaned up 0 hours ago
2026-08-31T20:30:24.189+0800 [DEBUG] [org.gradle.cache.internal.DefaultCacheCleanupExecutor] Skipping cleanup for jars (C:\Users\tanso\ip\.gradle-cache\caches\jars-9) as it is not yet due
2026-08-31T20:30:24.190+0800 [DEBUG] [org.gradle.cache.internal.LockOnDemandCrossProcessCacheAccess] Releasing file lock for file content cache (C:\Users\tanso\ip\.gradle-cache\caches\9.6.1\fileContent)
2026-08-31T20:30:24.190+0800 [DEBUG] [org.gradle.cache.internal.DefaultFileLockManager] Releasing lock on file content cache (C:\Users\tanso\ip\.gradle-cache\caches\9.6.1\fileContent).
2026-08-31T20:30:24.190+0800 [DEBUG] [org.gradle.internal.watch.vfs.impl.WatchingVirtualFileSystem] Closing VFS, dropping state
2026-08-31T20:30:24.192+0800 [DEBUG] [org.gradle.internal.watch.registry.impl.DefaultFileWatcherRegistry] Finished listening to file system change events
2026-08-31T20:30:24.192+0800 [DEBUG] [org.gradle.cache.internal.DefaultCacheCoordinator] Cache Generated Gradle JARs cache (C:\Users\tanso\ip\.gradle-cache\caches\9.6.1\generated-gradle-jars) was closed 0 times.
2026-08-31T20:30:24.192+0800 [DEBUG] [org.gradle.cache.internal.LockOnDemandCrossProcessCacheAccess] Releasing file lock for artifact cache (C:\Users\tanso\ip\.gradle-cache\caches\modules-2)
2026-08-31T20:30:24.192+0800 [DEBUG] [org.gradle.cache.internal.btree.BTreePersistentIndexedCache] Closing cache module-artifact.bin (C:\Users\tanso\ip\.gradle-cache\caches\modules-2\metadata-2.107\module-artifact.bin)
2026-08-31T20:30:24.193+0800 [DEBUG] [org.gradle.cache.internal.btree.BTreePersistentIndexedCache] Closing cache module-metadata.bin (C:\Users\tanso\ip\.gradle-cache\caches\modules-2\metadata-2.107\module-metadata.bin)
2026-08-31T20:30:24.193+0800 [DEBUG] [org.gradle.cache.internal.DefaultFileLockManager] Releasing lock on artifact cache (C:\Users\tanso\ip\.gradle-cache\caches\modules-2).
2026-08-31T20:30:24.194+0800 [DEBUG] [org.gradle.cache.internal.DefaultCacheCleanupExecutor] artifact cache (C:\Users\tanso\ip\.gradle-cache\caches\modules-2) has last been fully cleaned up 0 hours ago
2026-08-31T20:30:24.194+0800 [DEBUG] [org.gradle.cache.internal.DefaultCacheCleanupExecutor] Skipping cleanup for artifact cache (C:\Users\tanso\ip\.gradle-cache\caches\modules-2) as it is not yet due
2026-08-31T20:30:24.194+0800 [DEBUG] [org.gradle.cache.internal.DefaultCacheCleanupExecutor] groovy-dsl has last been fully cleaned up 0 hours ago
2026-08-31T20:30:24.194+0800 [DEBUG] [org.gradle.cache.internal.DefaultCacheCleanupExecutor] Skipping cleanup for groovy-dsl as it is not yet due
2026-08-31T20:30:24.195+0800 [DEBUG] [org.gradle.cache.internal.DefaultCacheCleanupExecutor] Artifact transforms cache has last been fully cleaned up 0 hours ago
2026-08-31T20:30:24.195+0800 [DEBUG] [org.gradle.cache.internal.DefaultCacheCleanupExecutor] Skipping cleanup for Artifact transforms cache as it is not yet due
2026-08-31T20:30:24.195+0800 [DEBUG] [org.gradle.cache.internal.LockOnDemandCrossProcessCacheAccess] Releasing file lock for journal cache (C:\Users\tanso\ip\.gradle-cache\caches\journal-1)
2026-08-31T20:30:24.195+0800 [DEBUG] [org.gradle.cache.internal.btree.BTreePersistentIndexedCache] Closing cache file-access.bin (C:\Users\tanso\ip\.gradle-cache\caches\journal-1\file-access.bin)
2026-08-31T20:30:24.195+0800 [DEBUG] [org.gradle.cache.internal.DefaultFileLockManager] Releasing lock on journal cache (C:\Users\tanso\ip\.gradle-cache\caches\journal-1).
2026-08-31T20:30:24.196+0800 [DEBUG] [org.gradle.cache.internal.LockOnDemandCrossProcessCacheAccess] Releasing file lock for file hash cache (C:\Users\tanso\ip\.gradle-cache\caches\9.6.1\fileHashes)
2026-08-31T20:30:24.196+0800 [DEBUG] [org.gradle.cache.internal.btree.BTreePersistentIndexedCache] Closing cache fileHashes.bin (C:\Users\tanso\ip\.gradle-cache\caches\9.6.1\fileHashes\fileHashes.bin)
2026-08-31T20:30:24.196+0800 [DEBUG] [org.gradle.cache.internal.btree.BTreePersistentIndexedCache] Closing cache resourceHashesCache.bin (C:\Users\tanso\ip\.gradle-cache\caches\9.6.1\fileHashes\resourceHashesCache.bin)
2026-08-31T20:30:24.196+0800 [DEBUG] [org.gradle.cache.internal.DefaultFileLockManager] Releasing lock on file hash cache (C:\Users\tanso\ip\.gradle-cache\caches\9.6.1\fileHashes).
2026-08-31T20:30:24.197+0800 [DEBUG] [org.gradle.cache.internal.LockOnDemandCrossProcessCacheAccess] Releasing file lock for Java compile cache (C:\Users\tanso\ip\.gradle-cache\caches\9.6.1\javaCompile)
2026-08-31T20:30:24.197+0800 [DEBUG] [org.gradle.cache.internal.btree.BTreePersistentIndexedCache] Closing cache jarAnalysis.bin (C:\Users\tanso\ip\.gradle-cache\caches\9.6.1\javaCompile\jarAnalysis.bin)
2026-08-31T20:30:24.197+0800 [DEBUG] [org.gradle.cache.internal.DefaultFileLockManager] Releasing lock on Java compile cache (C:\Users\tanso\ip\.gradle-cache\caches\9.6.1\javaCompile).
2026-08-31T20:30:24.198+0800 [DEBUG] [org.gradle.internal.operations.DefaultBuildOperationRunner] Build operation 'Deleting unused version-specific caches in C:\Users\tanso\ip\.gradle-cache\caches' started
2026-08-31T20:30:24.198+0800 [DEBUG] [org.gradle.internal.operations.DefaultBuildOperationRunner] Completing Build operation 'Deleting unused version-specific caches in C:\Users\tanso\ip\.gradle-cache\caches'
2026-08-31T20:30:24.198+0800 [DEBUG] [org.gradle.internal.operations.DefaultBuildOperationRunner] Build operation 'Deleting unused version-specific caches in C:\Users\tanso\ip\.gradle-cache\caches' completed
2026-08-31T20:30:24.198+0800 [DEBUG] [org.gradle.launcher.daemon.server.Daemon] stop() called on daemon
2026-08-31T20:30:24.199+0800 [INFO] [org.gradle.launcher.daemon.server.Daemon] Stop requested. Daemon is removing its presence from the registry...
2026-08-31T20:30:24.199+0800 [DEBUG] [org.gradle.launcher.daemon.server.DaemonRegistryUpdater] Removing our presence to clients, eg. removing this address from the registry: [ff86bf09-a0e9-43dc-87f3-d83bdadd9657 port:64565, addresses:[localhost/127.0.0.1]]
2026-08-31T20:30:24.199+0800 [DEBUG] [org.gradle.launcher.daemon.registry.PersistentDaemonRegistry] Removing daemon address: [ff86bf09-a0e9-43dc-87f3-d83bdadd9657 port:64565, addresses:[localhost/127.0.0.1]]
2026-08-31T20:30:24.199+0800 [DEBUG] [org.gradle.cache.internal.DefaultFileLockManager] Waiting to acquire exclusive lock on daemon addresses registry.
2026-08-31T20:30:24.200+0800 [DEBUG] [org.gradle.cache.internal.DefaultFileLockManager] Lock acquired on daemon addresses registry.
2026-08-31T20:30:24.201+0800 [DEBUG] [org.gradle.cache.internal.DefaultFileLockManager] Releasing lock on daemon addresses registry.
2026-08-31T20:30:24.201+0800 [DEBUG] [org.gradle.launcher.daemon.server.DaemonRegistryUpdater] Address removed from registry.
2026-08-31T20:30:24.201+0800 [DEBUG] [org.gradle.cache.internal.locklistener.DefaultFileLockContentionHandler] File lock listener thread completed.
2026-08-31T20:30:24.204+0800 [DEBUG] [java.lang.Runtime] Runtime.exit() called with status: 0
java.lang.Throwable: Runtime.exit(0)
	at java.base/java.lang.Shutdown.logRuntimeExit(Shutdown.java:179)
	at java.base/java.lang.Shutdown.exit(Shutdown.java:160)
	at java.base/java.lang.Runtime.exit(Runtime.java:177)
	at java.base/java.lang.System.exit(System.java:1541)
	at org.gradle.launcher.bootstrap.ProcessCompleter.complete(ProcessCompleter.java:21)
	at org.gradle.launcher.bootstrap.EntryPoint.run(EntryPoint.java:62)
	at java.base/jdk.internal.reflect.DirectMethodHandleAccessor.invoke(DirectMethodHandleAccessor.java:104)
	at java.base/java.lang.reflect.Method.invoke(Method.java:565)
	at org.gradle.launcher.bootstrap.ProcessBootstrap.runNoExit(ProcessBootstrap.java:72)
	at org.gradle.launcher.bootstrap.ProcessBootstrap.run(ProcessBootstrap.java:39)
	at org.gradle.launcher.daemon.bootstrap.GradleDaemon.main(GradleDaemon.java:22)
Daemon vm is shutting down... The daemon has exited normally or was terminated in response to a user interrupt.
2026-08-31T20:30:24.207+0800 [DEBUG] [org.gradle.launcher.daemon.registry.PersistentDaemonRegistry] Removing daemon address: [ff86bf09-a0e9-43dc-87f3-d83bdadd9657 port:64565, addresses:[localhost/127.0.0.1]]
2026-08-31T20:30:24.208+0800 [DEBUG] [org.gradle.launcher.daemon.server.Daemon] VM shutdown hook was unable to remove the daemon address from the registry. It will be cleaned up later.
java.lang.IllegalStateException: Cannot start managing file contention because this handler has been closed.
	at org.gradle.cache.internal.locklistener.DefaultFileLockContentionHandler.assertNotStopped(DefaultFileLockContentionHandler.java:267)
	at org.gradle.cache.internal.locklistener.DefaultFileLockContentionHandler.reservePort(DefaultFileLockContentionHandler.java:312)
	at org.gradle.cache.internal.DefaultFileLockManager.lock(DefaultFileLockManager.java:127)
	at org.gradle.cache.internal.DefaultFileLockManager.lock(DefaultFileLockManager.java:109)
	at org.gradle.cache.internal.DefaultFileLockManager.lock(DefaultFileLockManager.java:104)
	at org.gradle.cache.internal.OnDemandFileAccess.updateFile(OnDemandFileAccess.java:51)
	at org.gradle.cache.internal.FileBackedObjectHolder.update(FileBackedObjectHolder.java:77)
	at org.gradle.cache.internal.FileIntegrityViolationSuppressingObjectHolderDecorator.lambda$update$0(FileIntegrityViolationSuppressingObjectHolderDecorator.java:48)
	at org.gradle.cache.internal.FileIntegrityViolationSuppressingObjectHolderDecorator.doUpdate(FileIntegrityViolationSuppressingObjectHolderDecorator.java:58)
	at org.gradle.cache.internal.FileIntegrityViolationSuppressingObjectHolderDecorator.update(FileIntegrityViolationSuppressingObjectHolderDecorator.java:48)
	at org.gradle.launcher.daemon.registry.PersistentDaemonRegistry.remove(PersistentDaemonRegistry.java:133)
	at org.gradle.launcher.daemon.server.Daemon$1.run(Daemon.java:133)
	at java.base/java.lang.Thread.run(Thread.java:1474)
